My move is: e1e7
My move is: h5g4
My move is: a7a8
My move is: d5f6
My move is: e6f5
My move is: f4c7
My move is: h6g7
My move is: d7d8
My move is: c6d4
My move is: c1c8
My move is: e4h1
My move is: e4g2
My move is: d5b4
My move is: b5b6
My move is: b2h8
My move is: e6d6
My move is: e1b1
My move is: e3e1
My move is: h2e5
My move is: d7h3
My move is: e5e6
My move is: f3f8
My move is: d1d8
My move is: c4f7
My move is: d4f5
My move is: c4b6
My move is: f3f7
My move is: f4f3
My move is: f4g2
My move is: f3g5
My move is: h3h5
My move is: f5f6
My move is: h6g4
My move is: e5e4
My move is: f1f6
My move is: h6h7
My move is: g2f2
My move is: f6e4
My move is: d1d8
My move is: d3d8
My move is: c1f4
My move is: f8f2
My move is: a3a1
My move is: b6c4
My move is: b8b3
My move is: d7e5
My move is: f4c7
My move is: b2g7
My move is: g5h6
My move is: h3h5
My move is: f3h3
My move is: e5d3
My move is: f1f6
My move is: f6d4
My move is: d4f2
My move is: g2h2
My move is: e7f8
My move is: c1c8
My move is: e2g4
My move is: d3h7
My move is: e1e8
My move is: h5h2
My move is: g5c5
My move is: d1d8
My move is: d5e5
My move is: h3h7
My move is: g7c7
My move is: d4f3
My move is: f4e2
My move is: e1e8
My move is: d3g6
My move is: e4c6
My move is: c5e6
My move is: e5e4
My move is: h4h7
My move is: f6f3
My move is: c1c7
My move is: f6e4
My move is: a4c5
My move is: e1e8
My move is: h6e6
My move is: e4h7
My move is: g1f2
My move is: e2h5
My move is: g5h5
My move is: a6f1
My move is: b3d5
My move is: d6c6
My move is: g4g5
My move is: d4d8
My move is: d8d4
My move is: c1c5
My move is: e3b6
My move is: d8d1
My move is: g8g3
My move is: c4d3
My move is: e3f5
My move is: e3h6
My move is: d1d3
My move is: h3g2
